2026-04-27T11:09:53.415494	DEBUG	todoapp/main.go:37	initializing postgres connection pool
2026-04-27T11:09:53.427743	DEBUG	todoapp/main.go:47	initializing feature	{"feature": "users"}
2026-04-27T11:09:53.427896	DEBUG	todoapp/main.go:52	initializing feature	{"feature": "tasks"}
2026-04-27T11:09:53.427923	DEBUG	todoapp/main.go:57	initializing HTTP server
2026-04-27T11:09:53.428103	WARN	server/server.go:48	start HTTP server	{"addr": ":5050"}
2026-04-27T11:10:18.686947	DEBUG	middleware/common.go:58	>>> incoming HTTP request	{"request_id": "1b72c705-fa7a-44a0-b371-7da382d52a92", "url": "/api/v1/users", "http_method": "GET", "time": "2026-04-27T08:10:18.686945"}
2026-04-27T11:10:18.690070	DEBUG	middleware/common.go:66	<<< done HTTP request	{"request_id": "1b72c705-fa7a-44a0-b371-7da382d52a92", "url": "/api/v1/users", "status_code": 200, "latency": "3.12225ms"}
2026-04-27T11:10:42.192866	DEBUG	middleware/common.go:58	>>> incoming HTTP request	{"request_id": "96b60ff1-acf2-4758-9374-fc6dbc37a4e0", "url": "/api/v1/users", "http_method": "POST", "time": "2026-04-27T08:10:42.192862"}
2026-04-27T11:10:42.199953	DEBUG	middleware/common.go:66	<<< done HTTP request	{"request_id": "96b60ff1-acf2-4758-9374-fc6dbc37a4e0", "url": "/api/v1/users", "status_code": 201, "latency": "7.087933ms"}
2026-04-27T11:11:09.492630	DEBUG	middleware/common.go:58	>>> incoming HTTP request	{"request_id": "84b5c027-6f54-4c17-a12c-c68bbcfd6bac", "url": "/api/v1/users", "http_method": "POST", "time": "2026-04-27T08:11:09.492628"}
2026-04-27T11:11:09.495518	DEBUG	middleware/common.go:66	<<< done HTTP request	{"request_id": "84b5c027-6f54-4c17-a12c-c68bbcfd6bac", "url": "/api/v1/users", "status_code": 201, "latency": "2.887897ms"}
2026-04-27T11:11:18.214493	DEBUG	middleware/common.go:58	>>> incoming HTTP request	{"request_id": "616940f0-741f-4270-87ca-87e26e9f773d", "url": "/api/v1/users", "http_method": "GET", "time": "2026-04-27T08:11:18.214490"}
2026-04-27T11:11:18.216198	DEBUG	middleware/common.go:66	<<< done HTTP request	{"request_id": "616940f0-741f-4270-87ca-87e26e9f773d", "url": "/api/v1/users", "status_code": 200, "latency": "1.705969ms"}
2026-04-27T11:12:27.599349	DEBUG	middleware/common.go:58	>>> incoming HTTP request	{"request_id": "e5f50cd6-ffcd-4a82-91cb-4f3542ddcb7a", "url": "/api/v1/tasks", "http_method": "POST", "time": "2026-04-27T08:12:27.599345"}
2026-04-27T11:12:27.599586	WARN	response/handler.go:67	failed to decode and validate HTTP request	{"request_id": "e5f50cd6-ffcd-4a82-91cb-4f3542ddcb7a", "url": "/api/v1/tasks", "error": "decode json: EOF: invalid argument"}
2026-04-27T11:12:27.599661	DEBUG	middleware/common.go:66	<<< done HTTP request	{"request_id": "e5f50cd6-ffcd-4a82-91cb-4f3542ddcb7a", "url": "/api/v1/tasks", "status_code": 400, "latency": "315.294µs"}
2026-04-27T11:12:38.895731	DEBUG	middleware/common.go:58	>>> incoming HTTP request	{"request_id": "c8897b0c-ce2c-4531-affd-252cd8000df1", "url": "/api/v1/tasks", "http_method": "POST", "time": "2026-04-27T08:12:38.895726"}
2026-04-27T11:12:38.896233	WARN	response/handler.go:67	failed to decode and validate HTTP request	{"request_id": "c8897b0c-ce2c-4531-affd-252cd8000df1", "url": "/api/v1/tasks", "error": "request validation: Key: 'CreateTaskRequest.Title' Error:Field validation for 'Title' failed on the 'required' tag\nKey: 'CreateTaskRequest.AuthorUserID' Error:Field validation for 'AuthorUserID' failed on the 'required' tag: invalid argument"}
2026-04-27T11:12:38.896332	DEBUG	middleware/common.go:66	<<< done HTTP request	{"request_id": "c8897b0c-ce2c-4531-affd-252cd8000df1", "url": "/api/v1/tasks", "status_code": 400, "latency": "605.19µs"}
2026-04-27T11:13:02.189903	DEBUG	middleware/common.go:58	>>> incoming HTTP request	{"request_id": "48297b66-7810-4d79-9ce1-3a26789d8586", "url": "/api/v1/tasks", "http_method": "POST", "time": "2026-04-27T08:13:02.189900"}
2026-04-27T11:13:02.190172	WARN	response/handler.go:67	failed to decode and validate HTTP request	{"request_id": "48297b66-7810-4d79-9ce1-3a26789d8586", "url": "/api/v1/tasks", "error": "request validation: Key: 'CreateTaskRequest.AuthorUserID' Error:Field validation for 'AuthorUserID' failed on the 'required' tag: invalid argument"}
2026-04-27T11:13:02.190266	DEBUG	middleware/common.go:66	<<< done HTTP request	{"request_id": "48297b66-7810-4d79-9ce1-3a26789d8586", "url": "/api/v1/tasks", "status_code": 400, "latency": "364.956µs"}
2026-04-27T11:13:54.663066	DEBUG	middleware/common.go:58	>>> incoming HTTP request	{"request_id": "9061edaf-8f52-413b-8ad0-fd33518eb30a", "url": "/api/v1/tasks", "http_method": "POST", "time": "2026-04-27T08:13:54.663063"}
2026-04-27T11:13:54.708233	ERROR	response/handler.go:67	failed to create task	{"request_id": "9061edaf-8f52-413b-8ad0-fd33518eb30a", "url": "/api/v1/tasks", "error": "create task: violates foreign key: ERROR: insert or update on table \"tasks\" violates foreign key constraint \"tasks_author_user_id_fkey\" (SQLSTATE 23503)"}
2026-04-27T11:13:54.708437	DEBUG	middleware/common.go:66	<<< done HTTP request	{"request_id": "9061edaf-8f52-413b-8ad0-fd33518eb30a", "url": "/api/v1/tasks", "status_code": 500, "latency": "45.371019ms"}
2026-04-27T11:17:20.981148	WARN	server/server.go:63	shutdown HTTP server...
2026-04-27T11:17:20.981633	WARN	server/server.go:77	HTTP server stopped
