2026-04-29T18:25:23.856796	DEBUG	todoapp/main.go:45	application time zone	{"zone": "UTC"}
2026-04-29T18:25:23.857015	DEBUG	todoapp/main.go:47	initializing postgres connection pool
2026-04-29T18:25:23.869480	DEBUG	todoapp/main.go:57	initializing feature	{"feature": "users"}
2026-04-29T18:25:23.869816	DEBUG	todoapp/main.go:62	initializing feature	{"feature": "tasks"}
2026-04-29T18:25:23.869862	DEBUG	todoapp/main.go:67	initializing feature	{"feature": "statistics"}
2026-04-29T18:25:23.869900	DEBUG	todoapp/main.go:72	initializing HTTP server
2026-04-29T18:25:23.870336	WARN	server/server.go:48	start HTTP server	{"addr": ":5050"}
2026-04-29T18:25:26.899721	DEBUG	middleware/common.go:58	>>> incoming HTTP request	{"request_id": "61488c37-8202-49e1-abf3-e348e3d6758d", "url": "/api/v1/statistics", "http_method": "GET", "time": "2026-04-29T18:25:26.899718"}
2026-04-29T18:25:26.904400	DEBUG	middleware/common.go:66	<<< done HTTP request	{"request_id": "61488c37-8202-49e1-abf3-e348e3d6758d", "url": "/api/v1/statistics", "status_code": 200, "latency": "4.677759ms"}
2026-04-29T18:26:07.185880	DEBUG	middleware/common.go:58	>>> incoming HTTP request	{"request_id": "f3291200-c24e-4f88-98c3-30624887aaa1", "url": "/api/v1/tasks/5", "http_method": "PATCH", "time": "2026-04-29T18:26:07.185877"}
2026-04-29T18:26:07.189005	DEBUG	response/handler.go:71	failed to patch task	{"request_id": "f3291200-c24e-4f88-98c3-30624887aaa1", "url": "/api/v1/tasks/5", "error": "get task: task with id='5': not found"}
2026-04-29T18:26:07.189220	DEBUG	middleware/common.go:66	<<< done HTTP request	{"request_id": "f3291200-c24e-4f88-98c3-30624887aaa1", "url": "/api/v1/tasks/5", "status_code": 404, "latency": "3.342273ms"}
2026-04-29T18:26:15.740978	DEBUG	middleware/common.go:58	>>> incoming HTTP request	{"request_id": "59126d89-b761-4af9-b4ae-05a61958f614", "url": "/api/v1/tasks/6", "http_method": "PATCH", "time": "2026-04-29T18:26:15.740975"}
2026-04-29T18:26:15.746137	DEBUG	middleware/common.go:66	<<< done HTTP request	{"request_id": "59126d89-b761-4af9-b4ae-05a61958f614", "url": "/api/v1/tasks/6", "status_code": 200, "latency": "5.158965ms"}
2026-04-29T18:26:36.626032	DEBUG	middleware/common.go:58	>>> incoming HTTP request	{"request_id": "5ee5bc38-acbc-4e23-8e5e-8f1429ec2c8e", "url": "/api/v1/statistics", "http_method": "GET", "time": "2026-04-29T18:26:36.626029"}
2026-04-29T18:26:36.627756	DEBUG	middleware/common.go:66	<<< done HTTP request	{"request_id": "5ee5bc38-acbc-4e23-8e5e-8f1429ec2c8e", "url": "/api/v1/statistics", "status_code": 200, "latency": "1.723889ms"}
2026-04-29T18:27:06.756458	DEBUG	middleware/common.go:58	>>> incoming HTTP request	{"request_id": "ff6a9c8d-2a2e-4d10-bf6f-66b24f57e4d1", "url": "/api/v1/tasks", "http_method": "GET", "time": "2026-04-29T18:27:06.756455"}
2026-04-29T18:27:06.758971	DEBUG	middleware/common.go:66	<<< done HTTP request	{"request_id": "ff6a9c8d-2a2e-4d10-bf6f-66b24f57e4d1", "url": "/api/v1/tasks", "status_code": 200, "latency": "2.512815ms"}
2026-04-29T18:27:42.730764	DEBUG	middleware/common.go:58	>>> incoming HTTP request	{"request_id": "ed8aa243-9965-45b5-8cb3-b04700609e7e", "url": "/api/v1/statistics?user_id=2", "http_method": "GET", "time": "2026-04-29T18:27:42.730761"}
2026-04-29T18:27:42.732988	DEBUG	middleware/common.go:66	<<< done HTTP request	{"request_id": "ed8aa243-9965-45b5-8cb3-b04700609e7e", "url": "/api/v1/statistics?user_id=2", "status_code": 200, "latency": "2.224601ms"}
2026-04-29T18:27:52.206357	DEBUG	middleware/common.go:58	>>> incoming HTTP request	{"request_id": "05f0db53-489d-44ef-8fa9-ca129429b440", "url": "/api/v1/statistics?user_id=1", "http_method": "GET", "time": "2026-04-29T18:27:52.206354"}
2026-04-29T18:27:52.207868	DEBUG	middleware/common.go:66	<<< done HTTP request	{"request_id": "05f0db53-489d-44ef-8fa9-ca129429b440", "url": "/api/v1/statistics?user_id=1", "status_code": 200, "latency": "1.510435ms"}
2026-04-29T18:29:47.504067	DEBUG	middleware/common.go:58	>>> incoming HTTP request	{"request_id": "b08c2c37-a40f-400e-8b36-f3faa5ef6bf8", "url": "/api/v1/statistics?from=2026-03-30", "http_method": "GET", "time": "2026-04-29T18:29:47.504064"}
2026-04-29T18:29:47.506436	DEBUG	middleware/common.go:66	<<< done HTTP request	{"request_id": "b08c2c37-a40f-400e-8b36-f3faa5ef6bf8", "url": "/api/v1/statistics?from=2026-03-30", "status_code": 200, "latency": "2.370816ms"}
2026-04-29T18:30:10.453445	DEBUG	middleware/common.go:58	>>> incoming HTTP request	{"request_id": "286de7d6-ae8d-4624-a071-a91b3bb7a192", "url": "/api/v1/statistics?to=2026-03-30", "http_method": "GET", "time": "2026-04-29T18:30:10.453441"}
2026-04-29T18:30:10.455883	DEBUG	middleware/common.go:66	<<< done HTTP request	{"request_id": "286de7d6-ae8d-4624-a071-a91b3bb7a192", "url": "/api/v1/statistics?to=2026-03-30", "status_code": 200, "latency": "2.438531ms"}
2026-04-29T18:30:26.124560	DEBUG	middleware/common.go:58	>>> incoming HTTP request	{"request_id": "7e91f24b-dcb2-41b8-8736-6385bdee53c0", "url": "/api/v1/tasks/8", "http_method": "PATCH", "time": "2026-04-29T18:30:26.124557"}
2026-04-29T18:30:26.127641	DEBUG	middleware/common.go:66	<<< done HTTP request	{"request_id": "7e91f24b-dcb2-41b8-8736-6385bdee53c0", "url": "/api/v1/tasks/8", "status_code": 200, "latency": "3.080835ms"}
2026-04-29T18:30:32.873836	DEBUG	middleware/common.go:58	>>> incoming HTTP request	{"request_id": "ee8b335a-eccb-4e50-827a-d99144536ce2", "url": "/api/v1/statistics?to=2026-03-30", "http_method": "GET", "time": "2026-04-29T18:30:32.873833"}
2026-04-29T18:30:32.875384	DEBUG	middleware/common.go:66	<<< done HTTP request	{"request_id": "ee8b335a-eccb-4e50-827a-d99144536ce2", "url": "/api/v1/statistics?to=2026-03-30", "status_code": 200, "latency": "1.548508ms"}
2026-04-29T18:30:47.372203	DEBUG	middleware/common.go:58	>>> incoming HTTP request	{"request_id": "12b83ca6-caf3-47fd-be32-336f7f1ff7fb", "url": "/api/v1/statistics?to=2026-03-29", "http_method": "GET", "time": "2026-04-29T18:30:47.372200"}
2026-04-29T18:30:47.373828	DEBUG	middleware/common.go:66	<<< done HTTP request	{"request_id": "12b83ca6-caf3-47fd-be32-336f7f1ff7fb", "url": "/api/v1/statistics?to=2026-03-29", "status_code": 200, "latency": "1.62513ms"}
2026-04-29T18:30:54.759041	DEBUG	middleware/common.go:58	>>> incoming HTTP request	{"request_id": "19898762-b95b-407b-80a2-1fd2af6af09d", "url": "/api/v1/statistics?to=2026-03-30", "http_method": "GET", "time": "2026-04-29T18:30:54.759038"}
2026-04-29T18:30:54.760772	DEBUG	middleware/common.go:66	<<< done HTTP request	{"request_id": "19898762-b95b-407b-80a2-1fd2af6af09d", "url": "/api/v1/statistics?to=2026-03-30", "status_code": 200, "latency": "1.731247ms"}
2026-04-29T18:31:09.815554	DEBUG	middleware/common.go:58	>>> incoming HTTP request	{"request_id": "b1b57002-0e27-438c-8165-7d2a64e8d7d8", "url": "/api/v1/tasks/9", "http_method": "PATCH", "time": "2026-04-29T18:31:09.815549"}
2026-04-29T18:31:09.819652	DEBUG	middleware/common.go:66	<<< done HTTP request	{"request_id": "b1b57002-0e27-438c-8165-7d2a64e8d7d8", "url": "/api/v1/tasks/9", "status_code": 200, "latency": "4.09973ms"}
2026-04-29T18:31:13.880443	DEBUG	middleware/common.go:58	>>> incoming HTTP request	{"request_id": "c22a7516-f946-4688-b513-649c3fd1cdf2", "url": "/api/v1/statistics?to=2026-03-30", "http_method": "GET", "time": "2026-04-29T18:31:13.880439"}
2026-04-29T18:31:13.882117	DEBUG	middleware/common.go:66	<<< done HTTP request	{"request_id": "c22a7516-f946-4688-b513-649c3fd1cdf2", "url": "/api/v1/statistics?to=2026-03-30", "status_code": 200, "latency": "1.674302ms"}
2026-04-29T18:31:34.568086	WARN	server/server.go:63	shutdown HTTP server...
2026-04-29T18:31:34.568715	WARN	server/server.go:77	HTTP server stopped
