2026-04-27T12:22:50.569072	DEBUG	todoapp/main.go:44	application time zone	{"zone": "UTC"}
2026-04-27T12:22:50.569294	DEBUG	todoapp/main.go:46	initializing postgres connection pool
2026-04-27T12:22:50.582155	DEBUG	todoapp/main.go:56	initializing feature	{"feature": "users"}
2026-04-27T12:22:50.582326	DEBUG	todoapp/main.go:61	initializing feature	{"feature": "tasks"}
2026-04-27T12:22:50.582349	DEBUG	todoapp/main.go:66	initializing HTTP server
2026-04-27T12:22:50.582570	WARN	server/server.go:48	start HTTP server	{"addr": ":5050"}
2026-04-27T12:22:54.940372	DEBUG	middleware/common.go:58	>>> incoming HTTP request	{"request_id": "0bd13a8c-7bef-437b-9040-087be02a09c2", "url": "/api/v1/tasks?user_id=2", "http_method": "GET", "time": "2026-04-27T12:22:54.940370"}
2026-04-27T12:22:54.969284	DEBUG	middleware/common.go:66	<<< done HTTP request	{"request_id": "0bd13a8c-7bef-437b-9040-087be02a09c2", "url": "/api/v1/tasks?user_id=2", "status_code": 200, "latency": "28.911757ms"}
2026-04-27T12:23:14.050006	DEBUG	middleware/common.go:58	>>> incoming HTTP request	{"request_id": "e314c89a-d1d7-4aaf-9756-a5292cf8d627", "url": "/api/v1/tasks", "http_method": "GET", "time": "2026-04-27T12:23:14.050002"}
2026-04-27T12:23:14.051902	DEBUG	middleware/common.go:66	<<< done HTTP request	{"request_id": "e314c89a-d1d7-4aaf-9756-a5292cf8d627", "url": "/api/v1/tasks", "status_code": 200, "latency": "1.896931ms"}
2026-04-27T12:23:20.365537	DEBUG	middleware/common.go:58	>>> incoming HTTP request	{"request_id": "5faff09d-b9eb-483f-b3d0-765ccef58ebd", "url": "/api/v1/tasks?user_id=2", "http_method": "GET", "time": "2026-04-27T12:23:20.365533"}
2026-04-27T12:23:20.367420	DEBUG	middleware/common.go:66	<<< done HTTP request	{"request_id": "5faff09d-b9eb-483f-b3d0-765ccef58ebd", "url": "/api/v1/tasks?user_id=2", "status_code": 200, "latency": "1.884096ms"}
2026-04-27T12:23:25.980315	DEBUG	middleware/common.go:58	>>> incoming HTTP request	{"request_id": "c50cd142-5a5d-43e8-b1a5-7853f5126143", "url": "/api/v1/tasks?user_id=1", "http_method": "GET", "time": "2026-04-27T12:23:25.980311"}
2026-04-27T12:23:25.982123	DEBUG	middleware/common.go:66	<<< done HTTP request	{"request_id": "c50cd142-5a5d-43e8-b1a5-7853f5126143", "url": "/api/v1/tasks?user_id=1", "status_code": 200, "latency": "1.809872ms"}
2026-04-27T12:24:44.641571	DEBUG	middleware/common.go:58	>>> incoming HTTP request	{"request_id": "3e9a34db-bb8f-425b-a2c3-c5fa20bcd764", "url": "/api/v1/tasks?user_id=124", "http_method": "GET", "time": "2026-04-27T12:24:44.641568"}
2026-04-27T12:24:44.643129	DEBUG	middleware/common.go:66	<<< done HTTP request	{"request_id": "3e9a34db-bb8f-425b-a2c3-c5fa20bcd764", "url": "/api/v1/tasks?user_id=124", "status_code": 200, "latency": "1.558127ms"}
2026-04-27T12:26:19.112627	DEBUG	middleware/common.go:58	>>> incoming HTTP request	{"request_id": "1b67291b-446f-48bf-8ef5-07560697c125", "url": "/api/v1/tasks", "http_method": "GET", "time": "2026-04-27T12:26:19.112623"}
2026-04-27T12:26:19.114155	DEBUG	middleware/common.go:66	<<< done HTTP request	{"request_id": "1b67291b-446f-48bf-8ef5-07560697c125", "url": "/api/v1/tasks", "status_code": 200, "latency": "1.528984ms"}
2026-04-27T12:26:28.650917	DEBUG	middleware/common.go:58	>>> incoming HTTP request	{"request_id": "58089684-d805-4081-aac5-d73327e2b5de", "url": "/api/v1/tasks?limit=2", "http_method": "GET", "time": "2026-04-27T12:26:28.650914"}
2026-04-27T12:26:28.675156	DEBUG	middleware/common.go:66	<<< done HTTP request	{"request_id": "58089684-d805-4081-aac5-d73327e2b5de", "url": "/api/v1/tasks?limit=2", "status_code": 200, "latency": "24.239391ms"}
2026-04-27T12:26:40.649168	DEBUG	middleware/common.go:58	>>> incoming HTTP request	{"request_id": "5147d317-bdef-408a-8b39-477406eeafb6", "url": "/api/v1/tasks?limit=1", "http_method": "GET", "time": "2026-04-27T12:26:40.649165"}
2026-04-27T12:26:40.650923	DEBUG	middleware/common.go:66	<<< done HTTP request	{"request_id": "5147d317-bdef-408a-8b39-477406eeafb6", "url": "/api/v1/tasks?limit=1", "status_code": 200, "latency": "1.750576ms"}
2026-04-27T12:26:49.089456	DEBUG	middleware/common.go:58	>>> incoming HTTP request	{"request_id": "721dc1ac-fd58-4fc2-a54e-b88caed700ba", "url": "/api/v1/tasks?limit=1&offset=1", "http_method": "GET", "time": "2026-04-27T12:26:49.089453"}
2026-04-27T12:26:49.091056	DEBUG	middleware/common.go:66	<<< done HTTP request	{"request_id": "721dc1ac-fd58-4fc2-a54e-b88caed700ba", "url": "/api/v1/tasks?limit=1&offset=1", "status_code": 200, "latency": "1.600859ms"}
2026-04-27T12:26:54.011096	DEBUG	middleware/common.go:58	>>> incoming HTTP request	{"request_id": "5e8a38b5-eefb-4685-bbe7-ce50352d3cec", "url": "/api/v1/tasks?limit=1&offset=2", "http_method": "GET", "time": "2026-04-27T12:26:54.011092"}
2026-04-27T12:26:54.013082	DEBUG	middleware/common.go:66	<<< done HTTP request	{"request_id": "5e8a38b5-eefb-4685-bbe7-ce50352d3cec", "url": "/api/v1/tasks?limit=1&offset=2", "status_code": 200, "latency": "1.98748ms"}
2026-04-27T12:26:58.778145	DEBUG	middleware/common.go:58	>>> incoming HTTP request	{"request_id": "aca61953-d8da-4935-a9fd-90b769d23447", "url": "/api/v1/tasks?limit=1&offset=3", "http_method": "GET", "time": "2026-04-27T12:26:58.778141"}
2026-04-27T12:26:58.779613	DEBUG	middleware/common.go:66	<<< done HTTP request	{"request_id": "aca61953-d8da-4935-a9fd-90b769d23447", "url": "/api/v1/tasks?limit=1&offset=3", "status_code": 200, "latency": "1.469276ms"}
2026-04-27T12:27:20.299638	WARN	server/server.go:63	shutdown HTTP server...
2026-04-27T12:27:20.300249	WARN	server/server.go:77	HTTP server stopped
