2026-04-25T10:52:59.370608	DEBUG	todoapp/main.go:34	initializing postgres connection pool
2026-04-25T10:52:59.383594	DEBUG	todoapp/main.go:44	initializing feature	{"feature": "users"}
2026-04-25T10:52:59.383870	DEBUG	todoapp/main.go:49	initializing HTTP server
2026-04-25T10:52:59.384084	WARN	server/server.go:48	start HTTP server	{"addr": ":5050"}
2026-04-25T10:53:02.605396	DEBUG	middleware/common.go:80	>>> incoming HTTP request	{"request_id": "91bff0f8-635e-45b3-9159-9409d6be32db", "url": "/api/v1/users/1", "http_method": "PATCH", "time": "2026-04-25T07:53:02.605393"}
2026-04-25T10:53:02.605845	WARN	response/handler.go:67	failed to decode and validate HTTP request	{"request_id": "91bff0f8-635e-45b3-9159-9409d6be32db", "url": "/api/v1/users/1", "error": "request validation: `FullName` must be between 3 and 100 symbols: invalid argument"}
2026-04-25T10:53:02.606010	DEBUG	middleware/common.go:88	<<< done HTTP request	{"request_id": "91bff0f8-635e-45b3-9159-9409d6be32db", "url": "/api/v1/users/1", "status_code": 400, "latency": "615.465µs"}
2026-04-25T10:53:26.560057	DEBUG	middleware/common.go:80	>>> incoming HTTP request	{"request_id": "264456b1-98c9-4735-a740-7c3748309859", "url": "/api/v1/users", "http_method": "GET", "time": "2026-04-25T07:53:26.560053"}
2026-04-25T10:53:26.564100	DEBUG	middleware/common.go:88	<<< done HTTP request	{"request_id": "264456b1-98c9-4735-a740-7c3748309859", "url": "/api/v1/users", "status_code": 200, "latency": "4.043531ms"}
2026-04-25T10:53:56.346732	DEBUG	middleware/common.go:80	>>> incoming HTTP request	{"request_id": "7e6ec538-ee1f-4d21-b9fc-88b5fdec6a7c", "url": "/api/v1/users/2", "http_method": "PATCH", "time": "2026-04-25T07:53:56.346729"}
2026-04-25T10:53:56.353427	DEBUG	middleware/common.go:88	<<< done HTTP request	{"request_id": "7e6ec538-ee1f-4d21-b9fc-88b5fdec6a7c", "url": "/api/v1/users/2", "status_code": 200, "latency": "6.693893ms"}
2026-04-25T10:54:09.672033	DEBUG	middleware/common.go:80	>>> incoming HTTP request	{"request_id": "3aa9b754-99c7-4139-a462-eb71a977220e", "url": "/api/v1/users/2", "http_method": "PATCH", "time": "2026-04-25T07:54:09.672030"}
2026-04-25T10:54:09.676514	DEBUG	middleware/common.go:88	<<< done HTTP request	{"request_id": "3aa9b754-99c7-4139-a462-eb71a977220e", "url": "/api/v1/users/2", "status_code": 200, "latency": "4.480849ms"}
2026-04-25T10:54:33.080885	DEBUG	middleware/common.go:80	>>> incoming HTTP request	{"request_id": "ab56e760-8c77-4277-b322-777160f9e045", "url": "/api/v1/users/2", "http_method": "PATCH", "time": "2026-04-25T07:54:33.080881"}
2026-04-25T10:54:33.085177	DEBUG	middleware/common.go:88	<<< done HTTP request	{"request_id": "ab56e760-8c77-4277-b322-777160f9e045", "url": "/api/v1/users/2", "status_code": 200, "latency": "4.291601ms"}
2026-04-25T10:55:27.667256	DEBUG	middleware/common.go:80	>>> incoming HTTP request	{"request_id": "83f6ca26-9706-4637-9823-5ab7233f22bc", "url": "/api/v1/users/22532", "http_method": "PATCH", "time": "2026-04-25T07:55:27.667254"}
2026-04-25T10:55:27.668878	DEBUG	response/handler.go:67	failed to patch user	{"request_id": "83f6ca26-9706-4637-9823-5ab7233f22bc", "url": "/api/v1/users/22532", "error": "get user: user with id='22532': not found"}
2026-04-25T10:55:27.668991	DEBUG	middleware/common.go:88	<<< done HTTP request	{"request_id": "83f6ca26-9706-4637-9823-5ab7233f22bc", "url": "/api/v1/users/22532", "status_code": 404, "latency": "1.737235ms"}
2026-04-25T10:56:54.603068	WARN	server/server.go:63	shutdown HTTP server...
2026-04-25T10:56:54.603460	WARN	server/server.go:77	HTTP server stopped
