2026-04-28T12:19:06.038189	DEBUG	todoapp/main.go:44	application time zone	{"zone": "UTC"}
2026-04-28T12:19:06.038502	DEBUG	todoapp/main.go:46	initializing postgres connection pool
2026-04-28T12:19:06.052601	DEBUG	todoapp/main.go:56	initializing feature	{"feature": "users"}
2026-04-28T12:19:06.052759	DEBUG	todoapp/main.go:61	initializing feature	{"feature": "tasks"}
2026-04-28T12:19:06.052786	DEBUG	todoapp/main.go:66	initializing HTTP server
2026-04-28T12:19:06.053152	WARN	server/server.go:48	start HTTP server	{"addr": ":5050"}
2026-04-28T12:19:23.686400	DEBUG	middleware/common.go:58	>>> incoming HTTP request	{"request_id": "be1bfbd2-e95e-4412-b229-f495e08c2a8d", "url": "/api/v1/tasks/3231", "http_method": "PATCH", "time": "2026-04-28T12:19:23.686394"}
2026-04-28T12:19:23.686550	WARN	response/handler.go:71	failed to decode and validate HTTP request	{"request_id": "be1bfbd2-e95e-4412-b229-f495e08c2a8d", "url": "/api/v1/tasks/3231", "error": "decode json: EOF: invalid argument"}
2026-04-28T12:19:23.686659	DEBUG	middleware/common.go:66	<<< done HTTP request	{"request_id": "be1bfbd2-e95e-4412-b229-f495e08c2a8d", "url": "/api/v1/tasks/3231", "status_code": 400, "latency": "261.551µs"}
2026-04-28T12:19:44.124315	DEBUG	middleware/common.go:58	>>> incoming HTTP request	{"request_id": "3dcedad8-48db-4e7b-93c3-f64671171a71", "url": "/api/v1/tasks/3231", "http_method": "PATCH", "time": "2026-04-28T12:19:44.124308"}
2026-04-28T12:19:44.127991	DEBUG	response/handler.go:71	failed to patch task	{"request_id": "3dcedad8-48db-4e7b-93c3-f64671171a71", "url": "/api/v1/tasks/3231", "error": "get task: task with id='3231': not found"}
2026-04-28T12:19:44.128147	DEBUG	middleware/common.go:66	<<< done HTTP request	{"request_id": "3dcedad8-48db-4e7b-93c3-f64671171a71", "url": "/api/v1/tasks/3231", "status_code": 404, "latency": "3.834368ms"}
2026-04-28T12:20:01.672712	DEBUG	middleware/common.go:58	>>> incoming HTTP request	{"request_id": "7421da0c-e9dc-46f6-8181-855aecbb2b62", "url": "/api/v1/tasks", "http_method": "GET", "time": "2026-04-28T12:20:01.672707"}
2026-04-28T12:20:01.675533	DEBUG	middleware/common.go:66	<<< done HTTP request	{"request_id": "7421da0c-e9dc-46f6-8181-855aecbb2b62", "url": "/api/v1/tasks", "status_code": 200, "latency": "2.820637ms"}
2026-04-28T12:20:31.355482	DEBUG	middleware/common.go:58	>>> incoming HTTP request	{"request_id": "521f8f73-f698-45c8-b000-16a317586dc9", "url": "/api/v1/tasks/4", "http_method": "PATCH", "time": "2026-04-28T12:20:31.355475"}
2026-04-28T12:20:31.362290	DEBUG	middleware/common.go:66	<<< done HTTP request	{"request_id": "521f8f73-f698-45c8-b000-16a317586dc9", "url": "/api/v1/tasks/4", "status_code": 200, "latency": "6.807399ms"}
2026-04-28T12:21:18.368733	DEBUG	middleware/common.go:58	>>> incoming HTTP request	{"request_id": "3ab37572-9ab0-4b05-baf4-d6dec75fd6cb", "url": "/api/v1/tasks", "http_method": "GET", "time": "2026-04-28T12:21:18.368728"}
2026-04-28T12:21:18.370305	DEBUG	middleware/common.go:66	<<< done HTTP request	{"request_id": "3ab37572-9ab0-4b05-baf4-d6dec75fd6cb", "url": "/api/v1/tasks", "status_code": 200, "latency": "1.570778ms"}
2026-04-28T12:21:34.529452	DEBUG	middleware/common.go:58	>>> incoming HTTP request	{"request_id": "de433c19-a0e4-40e1-90d0-e809505a38fe", "url": "/api/v1/tasks/4", "http_method": "PATCH", "time": "2026-04-28T12:21:34.529446"}
2026-04-28T12:21:34.534225	DEBUG	middleware/common.go:66	<<< done HTTP request	{"request_id": "de433c19-a0e4-40e1-90d0-e809505a38fe", "url": "/api/v1/tasks/4", "status_code": 200, "latency": "4.772117ms"}
2026-04-28T12:21:46.986775	DEBUG	middleware/common.go:58	>>> incoming HTTP request	{"request_id": "b3ee5937-61ee-4c2f-8090-5d9ba3dee1ff", "url": "/api/v1/tasks/4", "http_method": "PATCH", "time": "2026-04-28T12:21:46.986766"}
2026-04-28T12:21:46.987162	WARN	response/handler.go:71	failed to decode and validate HTTP request	{"request_id": "b3ee5937-61ee-4c2f-8090-5d9ba3dee1ff", "url": "/api/v1/tasks/4", "error": "decode json: json: cannot unmarshal number into Go struct field PatchTaskRequest.completed of type bool: invalid argument"}
2026-04-28T12:21:46.987296	DEBUG	middleware/common.go:66	<<< done HTTP request	{"request_id": "b3ee5937-61ee-4c2f-8090-5d9ba3dee1ff", "url": "/api/v1/tasks/4", "status_code": 400, "latency": "525.618µs"}
2026-04-28T12:22:08.408374	DEBUG	middleware/common.go:58	>>> incoming HTTP request	{"request_id": "12779376-6b3d-4ee0-ab42-11d04781b573", "url": "/api/v1/tasks", "http_method": "GET", "time": "2026-04-28T12:22:08.408367"}
2026-04-28T12:22:08.410306	DEBUG	middleware/common.go:66	<<< done HTTP request	{"request_id": "12779376-6b3d-4ee0-ab42-11d04781b573", "url": "/api/v1/tasks", "status_code": 200, "latency": "1.932271ms"}
2026-04-28T12:23:00.774818	DEBUG	middleware/common.go:58	>>> incoming HTTP request	{"request_id": "245f0c00-4a82-44f6-8e07-fd9fa0a09c98", "url": "/api/v1/tasks/5", "http_method": "PATCH", "time": "2026-04-28T12:23:00.774811"}
2026-04-28T12:23:00.779038	DEBUG	middleware/common.go:66	<<< done HTTP request	{"request_id": "245f0c00-4a82-44f6-8e07-fd9fa0a09c98", "url": "/api/v1/tasks/5", "status_code": 200, "latency": "4.22108ms"}
2026-04-28T12:23:16.411699	DEBUG	middleware/common.go:58	>>> incoming HTTP request	{"request_id": "c969424e-f4d8-43f2-9cd6-04e633ddeaa7", "url": "/api/v1/tasks", "http_method": "GET", "time": "2026-04-28T12:23:16.411689"}
2026-04-28T12:23:16.413323	DEBUG	middleware/common.go:66	<<< done HTTP request	{"request_id": "c969424e-f4d8-43f2-9cd6-04e633ddeaa7", "url": "/api/v1/tasks", "status_code": 200, "latency": "1.628746ms"}
2026-04-28T12:23:46.537560	WARN	server/server.go:63	shutdown HTTP server...
2026-04-28T12:23:46.538092	WARN	server/server.go:77	HTTP server stopped
