2026-04-24T12:29:49.668041	DEBUG	todoapp/main.go:34	initializing postgres connection pool
2026-04-24T12:29:49.680238	DEBUG	todoapp/main.go:44	initializing feature	{"feature": "users"}
2026-04-24T12:29:49.680431	DEBUG	todoapp/main.go:49	initializing HTTP server
2026-04-24T12:29:49.680702	WARN	server/server.go:48	start HTTP server	{"addr": ":5050"}
2026-04-24T12:30:39.447343	DEBUG	middleware/common.go:80	>>> incoming HTTP request	{"request_id": "db8f1c9a-b02f-4067-9cd4-c666d5ab0713", "url": "/api/v1/users/111", "http_method": "PATCH", "time": "2026-04-24T09:30:39.447340"}
2026-04-24T12:30:39.447530	WARN	response/handler.go:67	failed to decod and validate HTTP request	{"request_id": "db8f1c9a-b02f-4067-9cd4-c666d5ab0713", "url": "/api/v1/users/111", "error": "decode json: EOF: invalid argument"}
2026-04-24T12:30:39.447634	DEBUG	middleware/common.go:88	<<< done HTTP request	{"request_id": "db8f1c9a-b02f-4067-9cd4-c666d5ab0713", "url": "/api/v1/users/111", "status_code": 400, "latency": "294.146µs"}
2026-04-24T12:31:17.118922	DEBUG	middleware/common.go:80	>>> incoming HTTP request	{"request_id": "9a6747bd-6e97-44f7-9cfc-682a325e259b", "url": "/api/v1/users/111", "http_method": "PATCH", "time": "2026-04-24T09:31:17.118919"}
2026-04-24T12:31:17.119305	DEBUG	http/patch_user.go:32	PatchUserRequest fields:
Fullname: ''
PhoneNumber: ''	{"request_id": "9a6747bd-6e97-44f7-9cfc-682a325e259b", "url": "/api/v1/users/111"}
2026-04-24T12:31:17.119374	DEBUG	middleware/common.go:88	<<< done HTTP request	{"request_id": "9a6747bd-6e97-44f7-9cfc-682a325e259b", "url": "/api/v1/users/111", "status_code": 200, "latency": "453.762µs"}
2026-04-24T12:32:24.156988	DEBUG	middleware/common.go:80	>>> incoming HTTP request	{"request_id": "0c04b272-4f92-4979-87e2-5338ceb10975", "url": "/api/v1/users/111", "http_method": "PATCH", "time": "2026-04-24T09:32:24.156985"}
2026-04-24T12:32:24.157262	DEBUG	http/patch_user.go:32	PatchUserRequest fields:
Fullname: ''
PhoneNumber: '+71234567890'	{"request_id": "0c04b272-4f92-4979-87e2-5338ceb10975", "url": "/api/v1/users/111"}
2026-04-24T12:32:24.157308	DEBUG	middleware/common.go:88	<<< done HTTP request	{"request_id": "0c04b272-4f92-4979-87e2-5338ceb10975", "url": "/api/v1/users/111", "status_code": 200, "latency": "322.268µs"}
2026-04-24T12:33:44.720416	DEBUG	middleware/common.go:80	>>> incoming HTTP request	{"request_id": "f683f1b0-7cda-484b-8065-c89703caa3fe", "url": "/api/v1/users/111", "http_method": "PATCH", "time": "2026-04-24T09:33:44.720412"}
2026-04-24T12:33:44.720636	DEBUG	http/patch_user.go:32	PatchUserRequest fields:
Fullname: ''
PhoneNumber: ''	{"request_id": "f683f1b0-7cda-484b-8065-c89703caa3fe", "url": "/api/v1/users/111"}
2026-04-24T12:33:44.720674	DEBUG	middleware/common.go:88	<<< done HTTP request	{"request_id": "f683f1b0-7cda-484b-8065-c89703caa3fe", "url": "/api/v1/users/111", "status_code": 200, "latency": "261.746µs"}
2026-04-24T12:34:09.627516	DEBUG	middleware/common.go:80	>>> incoming HTTP request	{"request_id": "aa588a5f-95b6-4811-a597-0f5aef940885", "url": "/api/v1/users/111", "http_method": "PATCH", "time": "2026-04-24T09:34:09.627513"}
2026-04-24T12:34:09.627767	DEBUG	http/patch_user.go:32	PatchUserRequest fields:
Fullname: ''
PhoneNumber: ''	{"request_id": "aa588a5f-95b6-4811-a597-0f5aef940885", "url": "/api/v1/users/111"}
2026-04-24T12:34:09.627826	DEBUG	middleware/common.go:88	<<< done HTTP request	{"request_id": "aa588a5f-95b6-4811-a597-0f5aef940885", "url": "/api/v1/users/111", "status_code": 200, "latency": "312.771µs"}
2026-04-24T12:37:04.815901	WARN	server/server.go:63	shutdown HTTP server...
2026-04-24T12:37:04.816418	WARN	server/server.go:77	HTTP server stopped
