2026-04-25T10:46:47.170121	DEBUG	todoapp/main.go:34	initializing postgres connection pool
2026-04-25T10:46:47.176804	DEBUG	todoapp/main.go:44	initializing feature	{"feature": "users"}
2026-04-25T10:46:47.176866	DEBUG	todoapp/main.go:49	initializing HTTP server
2026-04-25T10:46:47.176961	WARN	server/server.go:48	start HTTP server	{"addr": ":5050"}
2026-04-25T10:46:54.553913	DEBUG	middleware/common.go:80	>>> incoming HTTP request	{"request_id": "ad407bf2-3cf6-4060-97ca-55e351df1d6a", "url": "/api/v1/users", "http_method": "GET", "time": "2026-04-25T07:46:54.553910"}
2026-04-25T10:46:54.557325	DEBUG	middleware/common.go:88	<<< done HTTP request	{"request_id": "ad407bf2-3cf6-4060-97ca-55e351df1d6a", "url": "/api/v1/users", "status_code": 200, "latency": "3.411684ms"}
2026-04-25T10:47:29.849176	DEBUG	middleware/common.go:80	>>> incoming HTTP request	{"request_id": "493263b8-288f-4a20-8538-d0b96ea7547f", "url": "/api/v1/users", "http_method": "POST", "time": "2026-04-25T07:47:29.849173"}
2026-04-25T10:47:29.855331	DEBUG	middleware/common.go:88	<<< done HTTP request	{"request_id": "493263b8-288f-4a20-8538-d0b96ea7547f", "url": "/api/v1/users", "status_code": 201, "latency": "6.154172ms"}
2026-04-25T10:48:04.586488	DEBUG	middleware/common.go:80	>>> incoming HTTP request	{"request_id": "20321d55-c787-408a-ab51-286d816aad50", "url": "/api/v1/users", "http_method": "POST", "time": "2026-04-25T07:48:04.586485"}
2026-04-25T10:48:04.590237	DEBUG	middleware/common.go:88	<<< done HTTP request	{"request_id": "20321d55-c787-408a-ab51-286d816aad50", "url": "/api/v1/users", "status_code": 201, "latency": "3.74786ms"}
2026-04-25T10:48:16.354936	DEBUG	middleware/common.go:80	>>> incoming HTTP request	{"request_id": "384c4ed4-f3d6-41b4-aaae-9c37f751fedd", "url": "/api/v1/users", "http_method": "GET", "time": "2026-04-25T07:48:16.354933"}
2026-04-25T10:48:16.356377	DEBUG	middleware/common.go:88	<<< done HTTP request	{"request_id": "384c4ed4-f3d6-41b4-aaae-9c37f751fedd", "url": "/api/v1/users", "status_code": 200, "latency": "1.441083ms"}
2026-04-25T10:49:00.927834	DEBUG	middleware/common.go:80	>>> incoming HTTP request	{"request_id": "754877b0-b7eb-44fe-8e00-ef8d2f447330", "url": "/api/v1/users/1", "http_method": "PATCH", "time": "2026-04-25T07:49:00.927830"}
2026-04-25T10:49:00.933891	DEBUG	middleware/common.go:88	<<< done HTTP request	{"request_id": "754877b0-b7eb-44fe-8e00-ef8d2f447330", "url": "/api/v1/users/1", "status_code": 200, "latency": "6.056958ms"}
2026-04-25T10:50:34.534747	DEBUG	middleware/common.go:80	>>> incoming HTTP request	{"request_id": "a310d1e6-24c2-4626-b584-87707a21f05a", "url": "/api/v1/users/1", "http_method": "PATCH", "time": "2026-04-25T07:50:34.534744"}
2026-04-25T10:50:34.539691	DEBUG	middleware/common.go:88	<<< done HTTP request	{"request_id": "a310d1e6-24c2-4626-b584-87707a21f05a", "url": "/api/v1/users/1", "status_code": 200, "latency": "4.942964ms"}
2026-04-25T10:51:03.969538	DEBUG	middleware/common.go:80	>>> incoming HTTP request	{"request_id": "c42c5184-6399-4c42-aa1f-ff6e7ed400c3", "url": "/api/v1/users/1", "http_method": "PATCH", "time": "2026-04-25T07:51:03.969534"}
2026-04-25T10:51:03.969845	WARN	response/handler.go:67	failed to decod and validate HTTP request	{"request_id": "c42c5184-6399-4c42-aa1f-ff6e7ed400c3", "url": "/api/v1/users/1", "error": "request validation: `FullName` must be between 3 and 100 symbols: invalid argument"}
2026-04-25T10:51:03.969949	DEBUG	middleware/common.go:88	<<< done HTTP request	{"request_id": "c42c5184-6399-4c42-aa1f-ff6e7ed400c3", "url": "/api/v1/users/1", "status_code": 400, "latency": "413.981µs"}
2026-04-25T10:52:54.033710	WARN	server/server.go:63	shutdown HTTP server...
2026-04-25T10:52:54.034186	WARN	server/server.go:77	HTTP server stopped
