2026-04-24T23:33:29.028850	DEBUG	todoapp/main.go:34	initializing postgres connection pool
2026-04-24T23:33:29.051734	DEBUG	todoapp/main.go:44	initializing feature	{"feature": "users"}
2026-04-24T23:33:29.051948	DEBUG	todoapp/main.go:49	initializing HTTP server
2026-04-24T23:33:29.052243	WARN	server/server.go:48	start HTTP server	{"addr": ":5050"}
2026-04-24T23:33:37.620100	DEBUG	middleware/common.go:80	>>> incoming HTTP request	{"request_id": "de5d4bac-9197-4c70-bf41-51c0e9397b6d", "url": "/api/v1/users", "http_method": "GET", "time": "2026-04-24T20:33:37.620097"}
2026-04-24T23:33:37.640352	DEBUG	middleware/common.go:88	<<< done HTTP request	{"request_id": "de5d4bac-9197-4c70-bf41-51c0e9397b6d", "url": "/api/v1/users", "status_code": 200, "latency": "20.249773ms"}
2026-04-24T23:34:12.743112	DEBUG	middleware/common.go:80	>>> incoming HTTP request	{"request_id": "3733d4d1-62df-46bc-bd9a-1afaba05ee0f", "url": "/api/v1/users/111", "http_method": "PATCH", "time": "2026-04-24T20:34:12.743108"}
2026-04-24T23:34:12.743658	DEBUG	http/patch_user.go:33	PatchUserRequest fields:
Fullname: '{{<nil> false}}'
PhoneNumber: '{{<nil> false}}'	{"request_id": "3733d4d1-62df-46bc-bd9a-1afaba05ee0f", "url": "/api/v1/users/111"}
2026-04-24T23:34:12.743755	DEBUG	middleware/common.go:88	<<< done HTTP request	{"request_id": "3733d4d1-62df-46bc-bd9a-1afaba05ee0f", "url": "/api/v1/users/111", "status_code": 200, "latency": "645.949µs"}
2026-04-24T23:34:35.986664	DEBUG	middleware/common.go:80	>>> incoming HTTP request	{"request_id": "0b9daeae-3b9b-4c45-9319-1934b2b6c9a9", "url": "/api/v1/users/111", "http_method": "PATCH", "time": "2026-04-24T20:34:35.986660"}
2026-04-24T23:34:35.986952	DEBUG	http/patch_user.go:33	PatchUserRequest fields:
Fullname: '{{<nil> false}}'
PhoneNumber: '{{<nil> true}}'	{"request_id": "0b9daeae-3b9b-4c45-9319-1934b2b6c9a9", "url": "/api/v1/users/111"}
2026-04-24T23:34:35.987019	DEBUG	middleware/common.go:88	<<< done HTTP request	{"request_id": "0b9daeae-3b9b-4c45-9319-1934b2b6c9a9", "url": "/api/v1/users/111", "status_code": 200, "latency": "358.485µs"}
2026-04-24T23:35:31.292385	DEBUG	middleware/common.go:80	>>> incoming HTTP request	{"request_id": "e30dee60-dfe8-4f54-8961-e4198503ad7b", "url": "/api/v1/users/111", "http_method": "PATCH", "time": "2026-04-24T20:35:31.292381"}
2026-04-24T23:35:31.292622	DEBUG	http/patch_user.go:33	PatchUserRequest fields:
Fullname: '{{<nil> false}}'
PhoneNumber: '{{0x1c5b26eac590 true}}'	{"request_id": "e30dee60-dfe8-4f54-8961-e4198503ad7b", "url": "/api/v1/users/111"}
2026-04-24T23:35:31.292667	DEBUG	middleware/common.go:88	<<< done HTTP request	{"request_id": "e30dee60-dfe8-4f54-8961-e4198503ad7b", "url": "/api/v1/users/111", "status_code": 200, "latency": "285.52µs"}
2026-04-24T23:38:38.137400	WARN	server/server.go:63	shutdown HTTP server...
2026-04-24T23:38:38.137899	WARN	server/server.go:77	HTTP server stopped
